[demo.voidcoders.com/htmldemo/we-paintV2/wepaint-yellow/index-2.html]
[backblue.gif]
[fade.gif]
[index.html]
[demo.voidcoders.com/htmldemo/we-paintV2/wepaint-yellow/assets/images/favicon.png]
[demo.voidcoders.com/htmldemo/we-paintV2/wepaint-yellow/assets/css/font-awosome.css]
[demo.voidcoders.com/htmldemo/we-paintV2/wepaint-yellow/assets/font/flaticon.css]
[demo.voidcoders.com/htmldemo/we-paintV2/wepaint-yellow/assets/css/animate.min.css]
[demo.voidcoders.com/htmldemo/we-paintV2/wepaint-yellow/assets/css/jquery.fancybox.min.css]
[demo.voidcoders.com/htmldemo/we-paintV2/wepaint-yellow/assets/css/jquery-ui.css]
[demo.voidcoders.com/htmldemo/we-paintV2/wepaint-yellow/assets/css/bootstrap.min.css]
[demo.voidcoders.com/htmldemo/we-paintV2/wepaint-yellow/assets/css/style.css]
[demo.voidcoders.com/htmldemo/we-paintV2/wepaint-yellow/assets/css/responsive.css]
[demo.voidcoders.com/htmldemo/we-paintV2/wepaint-yellow/rtl/index-2.html]
[demo.voidcoders.com/htmldemo/we-paintV2/wepaint-yellow/assets/images/logo.png]
[demo.voidcoders.com/htmldemo/we-paintV2/wepaint-yellow/index.html]
[demo.voidcoders.com/htmldemo/we-paintV2/wepaint-yellow/index-3.html]
[demo.voidcoders.com/htmldemo/we-paintV2/wepaint-yellow/slider-index.html]
[demo.voidcoders.com/htmldemo/we-paintV2/wepaint-yellow/service.html]
[demo.voidcoders.com/htmldemo/we-paintV2/wepaint-yellow/service-2.html]
[demo.voidcoders.com/htmldemo/we-paintV2/wepaint-yellow/service-details.html]
[demo.voidcoders.com/htmldemo/we-paintV2/wepaint-yellow/about-us.html]
[demo.voidcoders.com/htmldemo/we-paintV2/wepaint-yellow/about-us-2.html]
[demo.voidcoders.com/htmldemo/we-paintV2/wepaint-yellow/Contact-us.html]
[demo.voidcoders.com/htmldemo/we-paintV2/wepaint-yellow/Contact-us-2.html]
[demo.voidcoders.com/htmldemo/we-paintV2/wepaint-yellow/portfolio.html]
[demo.voidcoders.com/htmldemo/we-paintV2/wepaint-yellow/portfolio-2.html]
[demo.voidcoders.com/htmldemo/we-paintV2/wepaint-yellow/portfolio-details.html]
[demo.voidcoders.com/htmldemo/we-paintV2/wepaint-yellow/our-team.html]
[demo.voidcoders.com/htmldemo/we-paintV2/wepaint-yellow/blog-main.html]
[demo.voidcoders.com/htmldemo/we-paintV2/wepaint-yellow/blog-details.html]
[demo.voidcoders.com/htmldemo/we-paintV2/wepaint-yellow/blog-details-2.html]
[demo.voidcoders.com/htmldemo/we-paintV2/wepaint-yellow/blog-details-3.html]
[demo.voidcoders.com/htmldemo/we-paintV2/wepaint-yellow/blog-details-4.html]
[demo.voidcoders.com/htmldemo/we-paintV2/wepaint-yellow/blog-left-sidebar.html]
[demo.voidcoders.com/htmldemo/we-paintV2/wepaint-yellow/blog-right-sidebar.html]
[demo.voidcoders.com/htmldemo/we-paintV2/wepaint-yellow/assets/images/project/project-1.png]
[demo.voidcoders.com/htmldemo/we-paintV2/wepaint-yellow/assets/images/project/project-2.png]
[demo.voidcoders.com/htmldemo/we-paintV2/wepaint-yellow/assets/images/project/project-3.png]
[demo.voidcoders.com/htmldemo/we-paintV2/wepaint-yellow/assets/images/project/project-4.png]
[demo.voidcoders.com/htmldemo/we-paintV2/wepaint-yellow/assets/images/project/project-5.png]
[demo.voidcoders.com/htmldemo/we-paintV2/wepaint-yellow/assets/images/client.png]
[demo.voidcoders.com/htmldemo/we-paintV2/wepaint-yellow/assets/images/slider/c-1.jpg]
[demo.voidcoders.com/htmldemo/we-paintV2/wepaint-yellow/assets/images/slider/c-2.jpg]
[demo.voidcoders.com/htmldemo/we-paintV2/wepaint-yellow/assets/images/slider/c-3.jpg]
[demo.voidcoders.com/htmldemo/we-paintV2/wepaint-yellow/assets/images/slider/c-4.jpg]
[demo.voidcoders.com/htmldemo/we-paintV2/wepaint-yellow/assets/images/slider/c-5.jpg]
[demo.voidcoders.com/htmldemo/we-paintV2/wepaint-yellow/assets/images/project/Ap-4.png]
[demo.voidcoders.com/htmldemo/we-paintV2/wepaint-yellow/assets/js/jquery-3.4.1.min.js]
[demo.voidcoders.com/htmldemo/we-paintV2/wepaint-yellow/assets/js/wow.min.js]
[demo.voidcoders.com/htmldemo/we-paintV2/wepaint-yellow/assets/js/countdown.js]
[demo.voidcoders.com/htmldemo/we-paintV2/wepaint-yellow/assets/js/jquery.counterup.min.js]
[demo.voidcoders.com/htmldemo/we-paintV2/wepaint-yellow/assets/js/shuffle.js]
[demo.voidcoders.com/htmldemo/we-paintV2/wepaint-yellow/assets/js/waypoints.min.js]
[demo.voidcoders.com/htmldemo/we-paintV2/wepaint-yellow/assets/js/jquery-ui.js]
[demo.voidcoders.com/htmldemo/we-paintV2/wepaint-yellow/assets/js/jquery.fancybox.min.js]
[demo.voidcoders.com/htmldemo/we-paintV2/wepaint-yellow/assets/js/bootstrap.min.js]
[demo.voidcoders.com/htmldemo/we-paintV2/wepaint-yellow/assets/js/custom.js]
[demo.voidcoders.com/htmldemo/we-paintV2/wepaint-yellow/index-2.html]
[demo.voidcoders.com/htmldemo/we-paintV2/wepaint-yellow/assets/webfonts/fa-brands-400.eot]
[demo.voidcoders.com/htmldemo/we-paintV2/wepaint-yellow/assets/webfonts/fa-brands-400d41d.eot]
[demo.voidcoders.com/htmldemo/we-paintV2/wepaint-yellow/assets/webfonts/fa-brands-400.woff2]
[demo.voidcoders.com/htmldemo/we-paintV2/wepaint-yellow/assets/webfonts/fa-brands-400.woff]
[demo.voidcoders.com/htmldemo/we-paintV2/wepaint-yellow/assets/webfonts/fa-brands-400.ttf]
[demo.voidcoders.com/htmldemo/we-paintV2/wepaint-yellow/assets/webfonts/fa-brands-400.svg]
[demo.voidcoders.com/htmldemo/we-paintV2/wepaint-yellow/assets/webfonts/fa-regular-400.eot]
[demo.voidcoders.com/htmldemo/we-paintV2/wepaint-yellow/assets/webfonts/fa-regular-400d41d.eot]
[demo.voidcoders.com/htmldemo/we-paintV2/wepaint-yellow/assets/webfonts/fa-regular-400.woff2]
[demo.voidcoders.com/htmldemo/we-paintV2/wepaint-yellow/assets/webfonts/fa-regular-400.woff]
[demo.voidcoders.com/htmldemo/we-paintV2/wepaint-yellow/assets/webfonts/fa-regular-400.ttf]
[demo.voidcoders.com/htmldemo/we-paintV2/wepaint-yellow/assets/webfonts/fa-regular-400.svg]
[demo.voidcoders.com/htmldemo/we-paintV2/wepaint-yellow/assets/webfonts/fa-solid-900.eot]
[demo.voidcoders.com/htmldemo/we-paintV2/wepaint-yellow/assets/webfonts/fa-solid-900d41d.eot]
[demo.voidcoders.com/htmldemo/we-paintV2/wepaint-yellow/assets/webfonts/fa-solid-900.woff2]
[demo.voidcoders.com/htmldemo/we-paintV2/wepaint-yellow/assets/webfonts/fa-solid-900.woff]
[demo.voidcoders.com/htmldemo/we-paintV2/wepaint-yellow/assets/webfonts/fa-solid-900.ttf]
[demo.voidcoders.com/htmldemo/we-paintV2/wepaint-yellow/assets/css/font-awosome.css]
[demo.voidcoders.com/htmldemo/we-paintV2/wepaint-yellow/assets/font/Flaticon.eot]
[demo.voidcoders.com/htmldemo/we-paintV2/wepaint-yellow/assets/font/Flaticond41d.eot]
[demo.voidcoders.com/htmldemo/we-paintV2/wepaint-yellow/assets/font/Flaticon.woff2]
[demo.voidcoders.com/htmldemo/we-paintV2/wepaint-yellow/assets/font/Flaticon.woff]
[demo.voidcoders.com/htmldemo/we-paintV2/wepaint-yellow/assets/webfonts/fa-solid-900.svg]
[demo.voidcoders.com/htmldemo/we-paintV2/wepaint-yellow/assets/font/Flaticon.ttf]
[demo.voidcoders.com/htmldemo/we-paintV2/wepaint-yellow/assets/font/flaticon.css]
[demo.voidcoders.com/htmldemo/we-paintV2/wepaint-yellow/assets/css/animate.min.css]
[demo.voidcoders.com/htmldemo/we-paintV2/wepaint-yellow/assets/css/jquery.fancybox.min.css]
[demo.voidcoders.com/htmldemo/we-paintV2/wepaint-yellow/assets/font/Flaticon.svg]
[demo.voidcoders.com/htmldemo/we-paintV2/wepaint-yellow/assets/css/images/ui-icons_444444_256x240.png]
[demo.voidcoders.com/htmldemo/we-paintV2/wepaint-yellow/assets/css/images/ui-icons_555555_256x240.png]
[demo.voidcoders.com/htmldemo/we-paintV2/wepaint-yellow/assets/css/images/ui-icons_ffffff_256x240.png]
[demo.voidcoders.com/htmldemo/we-paintV2/wepaint-yellow/assets/css/images/ui-icons_777620_256x240.png]
[demo.voidcoders.com/htmldemo/we-paintV2/wepaint-yellow/assets/css/images/ui-icons_cc0000_256x240.png]
[demo.voidcoders.com/htmldemo/we-paintV2/wepaint-yellow/assets/css/images/ui-icons_777777_256x240.png]
[demo.voidcoders.com/htmldemo/we-paintV2/wepaint-yellow/assets/css/jquery-ui.css]
[demo.voidcoders.com/htmldemo/we-paintV2/wepaint-yellow/assets/css/bootstrap.min.css]
[demo.voidcoders.com/htmldemo/we-paintV2/wepaint-yellow/assets/images/nav-backg.png]
[demo.voidcoders.com/htmldemo/we-paintV2/wepaint-yellow/assets/images/nav-backg-2.png]
[demo.voidcoders.com/htmldemo/we-paintV2/wepaint-yellow/assets/images/hero1.png]
[demo.voidcoders.com/htmldemo/we-paintV2/wepaint-yellow/assets/images/Hero-4.png]
[demo.voidcoders.com/htmldemo/we-paintV2/wepaint-yellow/assets/images/Homepage.png]
[demo.voidcoders.com/htmldemo/we-paintV2/wepaint-yellow/assets/images/nav-back-3.png]
[demo.voidcoders.com/htmldemo/we-paintV2/wepaint-yellow/assets/images/hero-5.png]
[demo.voidcoders.com/htmldemo/we-paintV2/wepaint-yellow/assets/images/li.svg]
[demo.voidcoders.com/htmldemo/we-paintV2/wepaint-yellow/assets/images/project/about.png]
[demo.voidcoders.com/htmldemo/we-paintV2/wepaint-yellow/assets/images/client-bg.png]
[demo.voidcoders.com/htmldemo/we-paintV2/wepaint-yellow/assets/images/client-bg2.png]
[demo.voidcoders.com/htmldemo/we-paintV2/wepaint-yellow/assets/images/client-bg-3.png]
[demo.voidcoders.com/htmldemo/we-paintV2/wepaint-yellow/assets/images/client-bg4.png]
[demo.voidcoders.com/htmldemo/we-paintV2/wepaint-yellow/assets/images/proj-ask.png]
[demo.voidcoders.com/htmldemo/we-paintV2/wepaint-yellow/assets/images/proj-ask2.png]
[demo.voidcoders.com/htmldemo/we-paintV2/wepaint-yellow/assets/images/proj-ask3.png]
[demo.voidcoders.com/htmldemo/we-paintV2/wepaint-yellow/assets/images/proj-ask4.png]
[demo.voidcoders.com/htmldemo/we-paintV2/wepaint-yellow/assets/images/nav-bac-4.png]
[demo.voidcoders.com/htmldemo/we-paintV2/wepaint-yellow/assets/images/team-members/all-team.png]
[demo.voidcoders.com/htmldemo/we-paintV2/wepaint-yellow/assets/images/our-eperience.png]
[demo.voidcoders.com/htmldemo/we-paintV2/wepaint-yellow/assets/images/404-background.png]
[demo.voidcoders.com/htmldemo/we-paintV2/wepaint-yellow/assets/images/Coming]
[demo.voidcoders.com/htmldemo/we-paintV2/wepaint-yellow/assets/css/style.css]
[demo.voidcoders.com/htmldemo/we-paintV2/wepaint-yellow/assets/css/responsive.css]
[demo.voidcoders.com/htmldemo/we-paintV2/wepaint-yellow/assets/css/rtl.css]
[demo.voidcoders.com/htmldemo/we-paintV2/wepaint-yellow/rtl/index.html]
[demo.voidcoders.com/htmldemo/we-paintV2/wepaint-yellow/rtl/index-3.html]
[demo.voidcoders.com/htmldemo/we-paintV2/wepaint-yellow/rtl/slider-index.html]
[demo.voidcoders.com/htmldemo/we-paintV2/wepaint-yellow/rtl/service.html]
[demo.voidcoders.com/htmldemo/we-paintV2/wepaint-yellow/rtl/service-2.html]
[demo.voidcoders.com/htmldemo/we-paintV2/wepaint-yellow/rtl/service-details.html]
[demo.voidcoders.com/htmldemo/we-paintV2/wepaint-yellow/rtl/about-us.html]
[demo.voidcoders.com/htmldemo/we-paintV2/wepaint-yellow/rtl/about-us-2.html]
[demo.voidcoders.com/htmldemo/we-paintV2/wepaint-yellow/rtl/Contact-us.html]
[demo.voidcoders.com/htmldemo/we-paintV2/wepaint-yellow/rtl/Contact-us-2.html]
[demo.voidcoders.com/htmldemo/we-paintV2/wepaint-yellow/rtl/portfolio.html]
[demo.voidcoders.com/htmldemo/we-paintV2/wepaint-yellow/rtl/portfolio-2.html]
[demo.voidcoders.com/htmldemo/we-paintV2/wepaint-yellow/rtl/portfolio-details.html]
[demo.voidcoders.com/htmldemo/we-paintV2/wepaint-yellow/rtl/our-team.html]
[demo.voidcoders.com/htmldemo/we-paintV2/wepaint-yellow/rtl/blog-main.html]
[demo.voidcoders.com/htmldemo/we-paintV2/wepaint-yellow/rtl/blog-details.html]
[demo.voidcoders.com/htmldemo/we-paintV2/wepaint-yellow/rtl/blog-details-2.html]
[demo.voidcoders.com/htmldemo/we-paintV2/wepaint-yellow/rtl/blog-details-3.html]
[demo.voidcoders.com/htmldemo/we-paintV2/wepaint-yellow/rtl/blog-details-4.html]
[demo.voidcoders.com/htmldemo/we-paintV2/wepaint-yellow/rtl/blog-left-sidebar.html]
[demo.voidcoders.com/htmldemo/we-paintV2/wepaint-yellow/rtl/index-2.html]
[demo.voidcoders.com/htmldemo/we-paintV2/wepaint-yellow/index.html]
[demo.voidcoders.com/htmldemo/we-paintV2/wepaint-yellow/rtl/blog-right-sidebar.html]
[demo.voidcoders.com/htmldemo/we-paintV2/wepaint-yellow/assets/images/logo2.png]
[demo.voidcoders.com/htmldemo/we-paintV2/wepaint-yellow/assets/images/color.png]
[demo.voidcoders.com/htmldemo/we-paintV2/wepaint-yellow/assets/images/project/project-12.png]
[demo.voidcoders.com/htmldemo/we-paintV2/wepaint-yellow/assets/images/project/project-6.png]
[demo.voidcoders.com/htmldemo/we-paintV2/wepaint-yellow/assets/images/project/project-7.png]
[demo.voidcoders.com/htmldemo/we-paintV2/wepaint-yellow/assets/images/project/project-10.png]
[demo.voidcoders.com/htmldemo/we-paintV2/wepaint-yellow/assets/images/project/project-8.png]
[demo.voidcoders.com/htmldemo/we-paintV2/wepaint-yellow/assets/images/project/project-11.png]
[demo.voidcoders.com/htmldemo/we-paintV2/wepaint-yellow/assets/images/project/project-9.png]
[demo.voidcoders.com/htmldemo/we-paintV2/wepaint-yellow/index-3.html]
[demo.voidcoders.com/htmldemo/we-paintV2/wepaint-yellow/assets/slider/css/rs6.css]
[demo.voidcoders.com/htmldemo/we-paintV2/wepaint-yellow/assets/slider/img/image1.jpg]
[demo.voidcoders.com/htmldemo/we-paintV2/wepaint-yellow/assets/slider/img/image2.jpg]
[demo.voidcoders.com/htmldemo/we-paintV2/wepaint-yellow/assets/slider/img/image4.jpg]
[demo.voidcoders.com/htmldemo/we-paintV2/wepaint-yellow/assets/slider/js/rbtools.min.js]
[demo.voidcoders.com/htmldemo/we-paintV2/wepaint-yellow/assets/slider/js/rs6.min.js]
[demo.voidcoders.com/htmldemo/we-paintV2/wepaint-yellow/assets/slider/js/slider-active.js]
[demo.voidcoders.com/htmldemo/we-paintV2/wepaint-yellow/slider-index.html]
[demo.voidcoders.com/htmldemo/we-paintV2/wepaint-yellow/service.html]
[demo.voidcoders.com/htmldemo/we-paintV2/wepaint-yellow/assets/images/service/Services-.png]
[demo.voidcoders.com/htmldemo/we-paintV2/wepaint-yellow/assets/images/service/Services-1.png]
[demo.voidcoders.com/htmldemo/we-paintV2/wepaint-yellow/assets/images/service/Services-2.png]
[demo.voidcoders.com/htmldemo/we-paintV2/wepaint-yellow/assets/images/service/Services-3.png]
[demo.voidcoders.com/htmldemo/we-paintV2/wepaint-yellow/assets/images/service/Services-4.png]
[demo.voidcoders.com/htmldemo/we-paintV2/wepaint-yellow/assets/images/service/Services-5.png]
[demo.voidcoders.com/htmldemo/we-paintV2/wepaint-yellow/service-2.html]
[demo.voidcoders.com/htmldemo/we-paintV2/wepaint-yellow/assets/images/service/Service-Details1.png]
[demo.voidcoders.com/htmldemo/we-paintV2/wepaint-yellow/assets/images/service/Service-Details2.png]
[demo.voidcoders.com/htmldemo/we-paintV2/wepaint-yellow/service-details.html]
[demo.voidcoders.com/htmldemo/we-paintV2/wepaint-yellow/assets/images/team-members/member-01.png]
[demo.voidcoders.com/htmldemo/we-paintV2/wepaint-yellow/assets/images/service/Service-6.png]
[demo.voidcoders.com/htmldemo/we-paintV2/wepaint-yellow/assets/images/team-members/member1.jpg]
[demo.voidcoders.com/htmldemo/we-paintV2/wepaint-yellow/assets/images/team-members/member2.jpg]
[demo.voidcoders.com/htmldemo/we-paintV2/wepaint-yellow/assets/images/team-members/member3.jpg]
[demo.voidcoders.com/htmldemo/we-paintV2/wepaint-yellow/assets/images/team-members/member4.jpg]
[demo.voidcoders.com/htmldemo/we-paintV2/wepaint-yellow/assets/images/team-members/member5.jpg]
[demo.voidcoders.com/htmldemo/we-paintV2/wepaint-yellow/assets/images/team-members/member6.jpg]
[demo.voidcoders.com/htmldemo/we-paintV2/wepaint-yellow/about-us.html]
[demo.voidcoders.com/htmldemo/we-paintV2/wepaint-yellow/assets/images/service/Services-6.png]
[demo.voidcoders.com/htmldemo/we-paintV2/wepaint-yellow/about-us-2.html]
[demo.voidcoders.com/htmldemo/we-paintV2/wepaint-yellow/Contact-us.html]
[demo.voidcoders.com/htmldemo/we-paintV2/wepaint-yellow/Contact-us-2.html]
[demo.voidcoders.com/cdn-cgi/scripts/5c5dd728/cloudflare-static/email-decode.min.js]
[demo.voidcoders.com/htmldemo/we-paintV2/wepaint-yellow/assets/images/portfolio/Portfolio-01.jpg]
[demo.voidcoders.com/htmldemo/we-paintV2/wepaint-yellow/assets/images/portfolio/Portfolio-2.jpg]
[demo.voidcoders.com/htmldemo/we-paintV2/wepaint-yellow/assets/images/portfolio/Portfolio-02-2.jpg]
[demo.voidcoders.com/htmldemo/we-paintV2/wepaint-yellow/assets/images/portfolio/Portfolio-02.jpg]
[demo.voidcoders.com/htmldemo/we-paintV2/wepaint-yellow/assets/images/portfolio/Portfolio-03-3.jpg]
[demo.voidcoders.com/htmldemo/we-paintV2/wepaint-yellow/assets/images/portfolio/Portfolio-03.jpg]
[demo.voidcoders.com/htmldemo/we-paintV2/wepaint-yellow/assets/images/portfolio/Portfolio-04-4.jpg]
[demo.voidcoders.com/htmldemo/we-paintV2/wepaint-yellow/assets/images/portfolio/Portfolio-04.jpg]
[demo.voidcoders.com/htmldemo/we-paintV2/wepaint-yellow/assets/images/portfolio/Portfolio-05-5.jpg]
[demo.voidcoders.com/htmldemo/we-paintV2/wepaint-yellow/assets/images/portfolio/Portfolio-05.jpg]
[demo.voidcoders.com/htmldemo/we-paintV2/wepaint-yellow/assets/images/portfolio/Portfolio-07-7.jpg]
[demo.voidcoders.com/htmldemo/we-paintV2/wepaint-yellow/assets/images/portfolio/Portfolio-07.jpg]
[demo.voidcoders.com/htmldemo/we-paintV2/wepaint-yellow/assets/images/portfolio/Portfolio-06-6.jpg]
[demo.voidcoders.com/htmldemo/we-paintV2/wepaint-yellow/assets/images/portfolio/Portfolio-06.jpg]
[demo.voidcoders.com/htmldemo/we-paintV2/wepaint-yellow/assets/images/portfolio/Portfolio-09-9.jpg]
[demo.voidcoders.com/htmldemo/we-paintV2/wepaint-yellow/assets/images/portfolio/Portfolio-09.jpg]
[demo.voidcoders.com/htmldemo/we-paintV2/wepaint-yellow/assets/images/portfolio/Portfolio-08-8.jpg]
[demo.voidcoders.com/htmldemo/we-paintV2/wepaint-yellow/assets/images/portfolio/Portfolio-08.jpg]
[demo.voidcoders.com/htmldemo/we-paintV2/wepaint-yellow/portfolio.html]
[demo.voidcoders.com/htmldemo/we-paintV2/wepaint-yellow/assets/images/portfolio/Portfolio10.png]
[demo.voidcoders.com/htmldemo/we-paintV2/wepaint-yellow/assets/images/portfolio/Portfolio11.png]
[demo.voidcoders.com/htmldemo/we-paintV2/wepaint-yellow/assets/images/portfolio/Portfolio12.png]
[demo.voidcoders.com/htmldemo/we-paintV2/wepaint-yellow/assets/images/portfolio/Portfolio13.png]
[demo.voidcoders.com/htmldemo/we-paintV2/wepaint-yellow/assets/images/portfolio/Portfolio14.png]
[demo.voidcoders.com/htmldemo/we-paintV2/wepaint-yellow/assets/images/portfolio/Portfolio15.png]
[demo.voidcoders.com/htmldemo/we-paintV2/wepaint-yellow/assets/images/portfolio/Portfolio16.png]
[demo.voidcoders.com/htmldemo/we-paintV2/wepaint-yellow/assets/images/portfolio/Portfolio19.png]
[demo.voidcoders.com/htmldemo/we-paintV2/wepaint-yellow/assets/images/portfolio/Portfolio18.png]
[demo.voidcoders.com/htmldemo/we-paintV2/wepaint-yellow/assets/images/portfolio/Portfolio17.png]
[demo.voidcoders.com/htmldemo/we-paintV2/wepaint-yellow/assets/images/portfolio/Portfolio20.png]
[demo.voidcoders.com/htmldemo/we-paintV2/wepaint-yellow/portfolio-2.html]
[demo.voidcoders.com/htmldemo/we-paintV2/wepaint-yellow/assets/images/portfolio/Portfolio-Details-1.png]
[demo.voidcoders.com/htmldemo/we-paintV2/wepaint-yellow/assets/images/portfolio/Portfolio-Details-2.png]
[demo.voidcoders.com/htmldemo/we-paintV2/wepaint-yellow/assets/images/portfolio/Portfolio-Details-3.png]
[demo.voidcoders.com/htmldemo/we-paintV2/wepaint-yellow/portfolio-details.html]
[demo.voidcoders.com/htmldemo/we-paintV2/wepaint-yellow/our-team.html]
[demo.voidcoders.com/htmldemo/we-paintV2/wepaint-yellow/assets/images/portfolio/Blog-Main.jpg]
[demo.voidcoders.com/htmldemo/we-paintV2/wepaint-yellow/blog-main.html]
[demo.voidcoders.com/htmldemo/we-paintV2/wepaint-yellow/assets/images/cclient.png]
[demo.voidcoders.com/htmldemo/we-paintV2/wepaint-yellow/blog-details.html]
[demo.voidcoders.com/htmldemo/we-paintV2/wepaint-yellow/assets/images/project/Blog-Details-01.png]
[demo.voidcoders.com/htmldemo/we-paintV2/wepaint-yellow/assets/images/project/Blog-Details-02.png]
[demo.voidcoders.com/htmldemo/we-paintV2/wepaint-yellow/blog-details-2.html]
[demo.voidcoders.com/htmldemo/we-paintV2/wepaint-yellow/blog-details-3.html]
[demo.voidcoders.com/htmldemo/we-paintV2/wepaint-yellow/blog-details-4.html]
[demo.voidcoders.com/htmldemo/we-paintV2/wepaint-yellow/blog-left-sidebar.html]
[demo.voidcoders.com/htmldemo/we-paintV2/wepaint-yellow/blog-right-sidebar.html]
[demo.voidcoders.com/htmldemo/we-paintV2/wepaint-yellow/assets/js/jquery-3.4.1.min.js]
[demo.voidcoders.com/htmldemo/we-paintV2/wepaint-yellow/assets/js/wow.min.js]
[demo.voidcoders.com/htmldemo/we-paintV2/wepaint-yellow/assets/js/countdown.js]
[demo.voidcoders.com/htmldemo/we-paintV2/wepaint-yellow/assets/js/jquery.counterup.min.js]
[demo.voidcoders.com/htmldemo/we-paintV2/wepaint-yellow/assets/js/shuffle.js]
[demo.voidcoders.com/htmldemo/we-paintV2/wepaint-yellow/assets/js/waypoints.min.js]
[demo.voidcoders.com/htmldemo/we-paintV2/wepaint-yellow/assets/js/jquery-ui.js]
[demo.voidcoders.com/htmldemo/we-paintV2/wepaint-yellow/assets/js/jquery.fancybox.min.js]
[demo.voidcoders.com/htmldemo/we-paintV2/wepaint-yellow/popper.js]
[demo.voidcoders.com/htmldemo/we-paintV2/wepaint-yellow/assets/js/bootstrap.min.js]
[demo.voidcoders.com/htmldemo/we-paintV2/wepaint-yellow/assets/js/custom.js]
[demo.voidcoders.com/htmldemo/we-paintV2/wepaint-yellow/assets/webfonts/fa-brands-400.svg]
[demo.voidcoders.com/htmldemo/we-paintV2/wepaint-yellow/assets/webfonts/fa-regular-400.svg]
[demo.voidcoders.com/htmldemo/we-paintV2/wepaint-yellow/assets/webfonts/fa-solid-900.svg]
[demo.voidcoders.com/htmldemo/we-paintV2/wepaint-yellow/assets/font/Flaticon.svg]
[demo.voidcoders.com/htmldemo/we-paintV2/wepaint-yellow/assets/css/images/ui-icons_444444_256x240.html]
[demo.voidcoders.com/htmldemo/we-paintV2/wepaint-yellow/assets/css/images/ui-icons_555555_256x240.html]
[demo.voidcoders.com/htmldemo/we-paintV2/wepaint-yellow/assets/css/images/ui-icons_ffffff_256x240.html]
[demo.voidcoders.com/htmldemo/we-paintV2/wepaint-yellow/assets/css/images/ui-icons_777620_256x240.html]
[demo.voidcoders.com/htmldemo/we-paintV2/wepaint-yellow/assets/css/images/ui-icons_cc0000_256x240.html]
[demo.voidcoders.com/htmldemo/we-paintV2/wepaint-yellow/assets/css/images/ui-icons_777777_256x240.html]
[demo.voidcoders.com/htmldemo/we-paintV2/wepaint-yellow/assets/images/nav-backg-2.html]
[demo.voidcoders.com/htmldemo/we-paintV2/wepaint-yellow/assets/images/nav-back-3.html]
[demo.voidcoders.com/htmldemo/we-paintV2/wepaint-yellow/assets/images/li.svg]
[demo.voidcoders.com/htmldemo/we-paintV2/wepaint-yellow/assets/images/client-bg2.html]
[demo.voidcoders.com/htmldemo/we-paintV2/wepaint-yellow/assets/images/client-bg-3.html]
[demo.voidcoders.com/htmldemo/we-paintV2/wepaint-yellow/assets/images/client-bg4.html]
[demo.voidcoders.com/htmldemo/we-paintV2/wepaint-yellow/assets/images/proj-ask2.html]
[demo.voidcoders.com/htmldemo/we-paintV2/wepaint-yellow/assets/images/proj-ask3.html]
[demo.voidcoders.com/htmldemo/we-paintV2/wepaint-yellow/assets/images/proj-ask4.html]
[demo.voidcoders.com/htmldemo/we-paintV2/wepaint-yellow/assets/images/nav-bac-4.html]
[demo.voidcoders.com/htmldemo/we-paintV2/wepaint-yellow/assets/images/Coming.html]
[demo.voidcoders.com/htmldemo/we-paintV2/wepaint-yellow/assets/css/rtl.css]
[demo.voidcoders.com/htmldemo/we-paintV2/wepaint-yellow/rtl/index.html]
[demo.voidcoders.com/htmldemo/we-paintV2/wepaint-yellow/rtl/index-3.html]
[demo.voidcoders.com/htmldemo/we-paintV2/wepaint-yellow/rtl/slider-index.html]
[demo.voidcoders.com/htmldemo/we-paintV2/wepaint-yellow/rtl/service.html]
[demo.voidcoders.com/htmldemo/we-paintV2/wepaint-yellow/rtl/service-2.html]
[demo.voidcoders.com/htmldemo/we-paintV2/wepaint-yellow/rtl/service-details.html]
[demo.voidcoders.com/htmldemo/we-paintV2/wepaint-yellow/rtl/about-us.html]
[demo.voidcoders.com/htmldemo/we-paintV2/wepaint-yellow/rtl/about-us-2.html]
[demo.voidcoders.com/htmldemo/we-paintV2/wepaint-yellow/rtl/Contact-us.html]
[demo.voidcoders.com/htmldemo/we-paintV2/wepaint-yellow/rtl/Contact-us-2.html]
[demo.voidcoders.com/htmldemo/we-paintV2/wepaint-yellow/rtl/portfolio.html]
[demo.voidcoders.com/htmldemo/we-paintV2/wepaint-yellow/rtl/portfolio-2.html]
[demo.voidcoders.com/htmldemo/we-paintV2/wepaint-yellow/rtl/portfolio-details.html]
[demo.voidcoders.com/htmldemo/we-paintV2/wepaint-yellow/rtl/our-team.html]
[demo.voidcoders.com/htmldemo/we-paintV2/wepaint-yellow/rtl/blog-main.html]
[demo.voidcoders.com/htmldemo/we-paintV2/wepaint-yellow/rtl/blog-details.html]
[demo.voidcoders.com/htmldemo/we-paintV2/wepaint-yellow/rtl/blog-details-2.html]
[demo.voidcoders.com/htmldemo/we-paintV2/wepaint-yellow/rtl/blog-details-3.html]
[demo.voidcoders.com/htmldemo/we-paintV2/wepaint-yellow/rtl/blog-details-4.html]
[demo.voidcoders.com/htmldemo/we-paintV2/wepaint-yellow/rtl/blog-left-sidebar.html]
[demo.voidcoders.com/htmldemo/we-paintV2/wepaint-yellow/rtl/blog-right-sidebar.html]
[demo.voidcoders.com/htmldemo/we-paintV2/wepaint-yellow/assets/slider/fonts/revicons/revicons90c6.eot]
[demo.voidcoders.com/htmldemo/we-paintV2/wepaint-yellow/assets/slider/fonts/revicons/revicons90c6.woff]
[demo.voidcoders.com/htmldemo/we-paintV2/wepaint-yellow/assets/slider/fonts/revicons/revicons90c6.ttf]
[demo.voidcoders.com/htmldemo/we-paintV2/wepaint-yellow/assets/slider/fonts/revicons/revicons90c6.svg]
[demo.voidcoders.com/htmldemo/we-paintV2/wepaint-yellow/assets/slider/css/openhand.cur]
[demo.voidcoders.com/htmldemo/we-paintV2/wepaint-yellow/assets/slider/css/closedhand.cur]
[demo.voidcoders.com/htmldemo/we-paintV2/wepaint-yellow/assets/slider/assets/gridtile.png]
[demo.voidcoders.com/htmldemo/we-paintV2/wepaint-yellow/assets/slider/assets/gridtile_white.png]
[demo.voidcoders.com/htmldemo/we-paintV2/wepaint-yellow/assets/slider/assets/gridtile_3x3.png]
[demo.voidcoders.com/htmldemo/we-paintV2/wepaint-yellow/assets/slider/assets/gridtile_3x3_white.png]
[demo.voidcoders.com/htmldemo/we-paintV2/wepaint-yellow/assets/slider/assets/coloredbg.png]
[demo.voidcoders.com/htmldemo/we-paintV2/wepaint-yellow/assets/slider/assets/loader.gif]
[demo.voidcoders.com/htmldemo/we-paintV2/wepaint-yellow/assets/slider/css/rs6.css]
[demo.voidcoders.com/htmldemo/we-paintV2/wepaint-yellow/assets/slider/js/rbtools.min.js]
[demo.voidcoders.com/htmldemo/we-paintV2/wepaint-yellow/images/transparent.png]
[demo.voidcoders.com/htmldemo/we-paintV2/wepaint-yellow/assets/transparent.png]
[demo.voidcoders.com/htmldemo/we-paintV2/wepaint-yellow/assets/slider/js/rs6.min.js]
[demo.voidcoders.com/htmldemo/we-paintV2/wepaint-yellow/assets/slider/js/slider-active.js]
[player.vimeo.com/api/player.js]
[demo.voidcoders.com/htmldemo/we-paintV2/wepaint-yellow/popper.html]
[demo.voidcoders.com/htmldemo/we-paintV2/wepaint-yellow/assets/slider/fonts/revicons/revicons90c6.html]
[demo.voidcoders.com/htmldemo/we-paintV2/wepaint-yellow/assets/slider/fonts/revicons/revicons90c6-2.html]
[demo.voidcoders.com/htmldemo/we-paintV2/wepaint-yellow/assets/slider/fonts/revicons/revicons90c6-3.html]
[demo.voidcoders.com/htmldemo/we-paintV2/wepaint-yellow/assets/slider/fonts/revicons/revicons90c6-4.html]
[demo.voidcoders.com/htmldemo/we-paintV2/wepaint-yellow/assets/slider/css/openhand.html]
[demo.voidcoders.com/htmldemo/we-paintV2/wepaint-yellow/assets/slider/css/closedhand.html]
[demo.voidcoders.com/htmldemo/we-paintV2/wepaint-yellow/assets/slider/assets/gridtile.html]
[demo.voidcoders.com/htmldemo/we-paintV2/wepaint-yellow/assets/slider/assets/gridtile_white.html]
[demo.voidcoders.com/htmldemo/we-paintV2/wepaint-yellow/assets/slider/assets/gridtile_3x3.html]
[demo.voidcoders.com/htmldemo/we-paintV2/wepaint-yellow/assets/slider/assets/gridtile_3x3_white.html]
[demo.voidcoders.com/htmldemo/we-paintV2/wepaint-yellow/assets/slider/assets/coloredbg.html]
[demo.voidcoders.com/htmldemo/we-paintV2/wepaint-yellow/images/transparent.html]
[demo.voidcoders.com/htmldemo/we-paintV2/wepaint-yellow/assets/transparent.html]
[demo.voidcoders.com/htmldemo/we-paintV2/wepaint-yellow/origin=https_/index.html]
